sushi
what your favorite food?
what is the default value?
