sushi
[1G[0Jwhat is your favorite food?
 [1Gsushi
